// Jest Snapshot v1, https://goo.gl/fbAQLP

exports[`<Transaction /> should render the Transaction Component correctly 1`] = `[Function]`;
