// Jest Snapshot v1, https://goo.gl/fbAQLP

exports[`<AmountWithDrawl /> should render the AmountWithDrawl Component correctly 1`] = `[Function]`;
