// Jest Snapshot v1, https://goo.gl/fbAQLP

exports[`<Heading /> should render the Heading Component correctly 1`] = `
<h1
  aria-label="heading"
  className=""
>
  Heading
</h1>
`;
