// Jest Snapshot v1, https://goo.gl/fbAQLP

exports[`<AccountTiles /> should render the AccountTiles Component correctly 1`] = `
<div
  className="col-sm-3 col-md-4 col-lg-3 col-xs-12 account-tiles"
>
  <div
    className="col-xs-12 account-category-section"
  >
    <div
      className="col-sm-6 col-xs-7 start-xs"
    >
      <div
        className="box account-type-section"
      >
        <span>
          Savings Account
        </span>
      </div>
    </div>
    <div
      className="col-sm-6 col-xs-5 end-xs"
    >
      <span
        className="box"
      >
        Regular
      </span>
    </div>
  </div>
  <div
    className="col-xs-12 middle-xs"
  >
    <div
      className="box account-details"
    >
      <span
        className="account-number"
      >
        123456789
      </span>
      <span>
        Available Balance
      </span>
      <span>
        â‚¹ 10000
      </span>
    </div>
  </div>
  <div
    className="col-xs-12 account-bottom"
  >
    <div
      className="col-sm-4 col-xs-5 start-xs"
    >
      <Link
        className="box"
        to="/account"
      >
        Statement
      </Link>
    </div>
    <div
      className="col-sm-4 col-xs-4 center-xs center-box"
    >
      <Link
        className="box"
        to="/"
      >
        Debit
      </Link>
    </div>
    <div
      className="col-sm-4 col-xs-3 end-xs"
    >
      <Link
        className="box"
        to="/account"
      >
        Pay
      </Link>
    </div>
  </div>
</div>
`;
