// Jest Snapshot v1, https://goo.gl/fbAQLP

exports[`<Layout /> should render the Layout Component correctly 1`] = `
<Router
  location={
    Object {
      "hash": "",
      "key": "default",
      "pathname": "/",
      "search": "",
      "state": null,
    }
  }
  navigationType="POP"
  navigator={
    Object {
      "action": "POP",
      "createHref": [Function],
      "encodeLocation": [Function],
      "go": [Function],
      "listen": [Function],
      "location": Object {
        "hash": "",
        "key": "default",
        "pathname": "/",
        "search": "",
        "state": null,
      },
      "push": [Function],
      "replace": [Function],
    }
  }
>
  <Layout
    pageHeading="Test"
  >
    <div>
      Test
    </div>
  </Layout>
</Router>
`;
