// Jest Snapshot v1, https://goo.gl/fbAQLP

exports[`<SignIn /> should render the SignUp Component correctly 1`] = `[Function]`;
