// Jest Snapshot v1, https://goo.gl/fbAQLP

exports[`<ChangePasswordForm /> should render the ChangePasswordForm Component correctly 1`] = `[Function]`;
