// Jest Snapshot v1, https://goo.gl/fbAQLP

exports[`<ChangePassword /> should render the ChangePassword Component correctly 1`] = `
<Layout
  pageHeading="Change Password"
>
  <ChangePasswordForm />
</Layout>
`;
