// Jest Snapshot v1, https://goo.gl/fbAQLP

exports[`<AmountTransfer /> should render the AmountTransfer Component correctly 1`] = `[Function]`;
