// Jest Snapshot v1, https://goo.gl/fbAQLP

exports[`<CardTiles /> should render the CardTiles Component correctly 1`] = `
<div
  className="col-sm-3 col-md-4 col-lg-3 col-xs-12 card-tiles"
>
  <div
    className="col-xs-12 account-category-section"
  >
    <div
      className="col-xs-12 end-xs"
    >
      <span
        className="box"
      >
        Regular
      </span>
    </div>
  </div>
  <div
    className="col-xs-12 middle-xs"
  >
    <div
      className="box card-details"
    >
      <span
        className="card-number"
      >
        1234 5678 9 
      </span>
    </div>
  </div>
  <div
    className="col-xs-12 card-exp"
  >
    <div
      className="col-xs-6 start-xs"
    >
      <span>
        test test
      </span>
    </div>
    <div
      className="col-xs-6 end-xs"
    >
      <span>
        Exp: 01/2023
      </span>
    </div>
  </div>
  <div
    className="col-xs-12 card-bottom"
  >
    <div
      className="col-xs-6 start-xs start-box"
    >
      <Link
        className="box"
        to="/credit-card"
      >
        Details
      </Link>
    </div>
    <div
      className="col-xs-6 end-xs"
    >
      <Link
        className="box"
        to="/credit-card"
      >
        Pay
      </Link>
    </div>
  </div>
</div>
`;
