// Jest Snapshot v1, https://goo.gl/fbAQLP

exports[`<SignIn /> should render the SignIn Component correctly 1`] = `[Function]`;
