// Jest Snapshot v1, https://goo.gl/fbAQLP

exports[`<App /> renders App Component 1`] = `
<div
  className="App"
>
  <AppContextWrapper>
    <Switcher />
  </AppContextWrapper>
</div>
`;
